08:11:52.638 [main                     ] DEBUG Logger               - Configured Logger
08:11:52.644 [main                     ] DEBUG GameApplication      - Logging settings
Title: Billard Simulator
Version: 0.0
Width: 800
Height: 600
Fullscreen: false
Intro: false
Profiling: false
Single step:false
App Mode: DEVELOPER
Menu Key: ESCAPE
Stage Style: DECORATED
Scene Factory: class com.almasb.fxgl.app.scene.SceneFactory

08:11:52.864 [JavaFX Application Thread] DEBUG FXGLApplication      - Initializing FXGL
08:11:52.867 [JavaFX Application Thread] INFO  Engine               - FXGL-17.3 (30.03.2023 11.49) on LINUX (J:25.0.2 FX:21.0.6)
08:11:52.867 [JavaFX Application Thread] DEBUG Engine               - JRE Vendor Name: Oracle Corporation
08:11:52.868 [JavaFX Application Thread] DEBUG Engine               - Running on OS: Linux version 7.0.0-1-cachyos
08:11:52.868 [JavaFX Application Thread] DEBUG Engine               - Architecture: amd64
08:11:52.868 [JavaFX Application Thread] INFO  Engine               - Source code and latest versions at: https://github.com/AlmasB/FXGL
08:11:52.868 [JavaFX Application Thread] INFO  Engine               -       Ask questions and discuss at: https://github.com/AlmasB/FXGL/discussions
08:11:52.868 [JavaFX Application Thread] INFO  Engine               -              Join the FXGL chat at: https://gitter.im/AlmasB/FXGL
08:11:52.956 [JavaFX Application Thread] DEBUG PrimaryStageWindow   - Creating a JavaFX scene
08:11:53.041 [JavaFX Application Thread] DEBUG PrimaryStageWindow   - Target settings size: 800.0 x 600.0
08:11:53.041 [JavaFX Application Thread] DEBUG PrimaryStageWindow   - Scaled scene size:    800.0 x 600.0
08:11:53.041 [JavaFX Application Thread] DEBUG PrimaryStageWindow   - Scaled ratio: (1.0, 1.0)
08:11:53.042 [JavaFX Application Thread] DEBUG PrimaryStageWindow   - Set initial scene to FXGLStartupScene
08:11:53.045 [JavaFX Application Thread] DEBUG PrimaryStageWindow   - Opening main window
08:11:53.099 [JavaFX Application Thread] DEBUG PrimaryStageWindow   - Window border size: (0.0, 35.0)
08:11:53.099 [JavaFX Application Thread] DEBUG PrimaryStageWindow   - Scaled size: 800.0 x 565.0
08:11:53.099 [JavaFX Application Thread] DEBUG PrimaryStageWindow   - Scaled ratio: (1.0, 0.9416666666666667)
08:11:53.099 [JavaFX Application Thread] DEBUG PrimaryStageWindow   - Scene size: 800.0 x 600.0
08:11:53.099 [JavaFX Application Thread] DEBUG PrimaryStageWindow   - Stage size: 800.0 x 600.0
08:11:53.103 [FXGL Background Thread 1 ] DEBUG Engine               - Initializing environment variables
08:11:53.146 [FXGL Background Thread 1 ] DEBUG FXGLAssetLoaderServi - User app class for loading assets: class at.htl.billard.BillardApp
08:11:53.146 [FXGL Background Thread 1 ] DEBUG GameApplicationServi - Applying CSS: fxgl_dark.css
08:11:53.147 [FXGL Background Thread 1 ] DEBUG FXGLAssetLoaderServi - Loading from file system: jar:file:///home/oida/.m2/repository/com/github/almasb/fxgl/17.3/fxgl-17.3.jar!/fxglassets/ui/css/fxgl_dark.css
08:11:53.199 [FXGL Background Thread 1 ] DEBUG GameApplicationServi - Initializing application scenes
08:11:53.229 [FXGL Background Thread 1 ] DEBUG GameWorld            - Game world initialized
08:11:53.253 [FXGL Background Thread 1 ] DEBUG PhysicsWorld         - Physics world initialized: appHeight=600, physics.ppm=50.0
08:11:53.253 [FXGL Background Thread 1 ] DEBUG PhysicsWorld         - Using strategy: BRUTE_FORCE
08:11:53.257 [FXGL Background Thread 1 ] DEBUG GameScene            - Game scene initialized: 800x600
08:11:53.265 [FXGL Background Thread 1 ] DEBUG FXGL.DefaultMenu     - createMenuBodyMainMenu()
08:11:53.275 [FXGL Background Thread 1 ] DEBUG FXGL.DefaultMenu     - createOptionsMenu()
08:11:53.282 [FXGL Background Thread 1 ] DEBUG FXGLAssetLoaderServi - Loading from file system: jar:file:///home/oida/.m2/repository/com/github/almasb/fxgl/17.3/fxgl-17.3.jar!/fxglassets/textures/particles/smoke.png
08:11:53.356 [FXGL Background Thread 1 ] DEBUG FXGLAssetLoaderServi - Loading from file system: jar:file:///home/oida/.m2/repository/com/github/almasb/fxgl/17.3/fxgl-17.3.jar!/fxglassets/textures/particles/trace_horizontal.png
08:11:53.400 [FXGL Background Thread 1 ] DEBUG FXGL.DefaultMenu     - createMenuBodyGameMenu()
08:11:53.401 [FXGL Background Thread 1 ] DEBUG FXGL.DefaultMenu     - createOptionsMenu()
08:11:53.410 [FXGL Background Thread 1 ] DEBUG GameApplicationServi - Application scenes initialized
08:11:53.419 [FXGL Background Thread 1 ] DEBUG SystemBundleService  - Loading FXGL system data
08:11:53.420 [FXGL Background Thread 1 ] DEBUG FileSystemAccess     - Reading from: /home/oida/Projects/POS/Billard/system/fxgl.bundle
08:11:53.423 [FXGL Background Thread 1 ] DEBUG SystemBundleService  - Bundle FXGL: {}
08:11:53.423 [FXGL Background Thread 1 ] DEBUG UpdaterService       - Checking for updates
08:11:53.428 [FXGL Background Thread 4 ] DEBUG FXGLApplication      - Loading fonts
08:11:53.428 [FXGL Background Thread 1 ] DEBUG FXGLApplication      - Loading default localization
08:11:53.428 [FXGL Background Thread 4 ] DEBUG FXGLAssetLoaderServi - Loading from file system: jar:file:///home/oida/.m2/repository/com/github/almasb/fxgl/17.3/fxgl-17.3.jar!/fxglassets/ui/fonts/VarelaRound-Regular.ttf
08:11:53.429 [FXGL Background Thread 1 ] DEBUG FXGLAssetLoaderServi - Loading from file system: jar:file:///home/oida/.m2/repository/com/github/almasb/fxgl/17.3/fxgl-17.3.jar!/fxglassets/languages/english.lang
08:11:53.434 [FXGL Background Thread 4 ] DEBUG FXGLAssetLoaderServi - Loading from file system: jar:file:///home/oida/.m2/repository/com/github/almasb/fxgl/17.3/fxgl-17.3.jar!/fxglassets/ui/fonts/Abel-Regular.ttf
08:11:53.437 [FXGL Background Thread 4 ] DEBUG FXGLAssetLoaderServi - Loading from file system: jar:file:///home/oida/.m2/repository/com/github/almasb/fxgl/17.3/fxgl-17.3.jar!/fxglassets/ui/fonts/TerminalLandMono-Regular.otf
08:11:53.439 [FXGL Background Thread 4 ] DEBUG FXGLAssetLoaderServi - Loading from file system: jar:file:///home/oida/.m2/repository/com/github/almasb/fxgl/17.3/fxgl-17.3.jar!/fxglassets/ui/fonts/Courier-Prime.ttf
08:11:53.442 [FXGL Background Thread 1 ] INFO  FXGLApplication      - FXGL initialization took: 0.339 sec
08:11:53.445 [JavaFX Application Thread] DEBUG Input                - Registered new binding: LMB - LMB
08:11:53.445 [JavaFX Application Thread] DEBUG FXGLAssetLoaderServi - Loading from file system: jar:file:///home/oida/.m2/repository/com/github/almasb/fxgl/17.3/fxgl-17.3.jar!/fxglassets/textures/fxgl_icon.png
08:11:53.491 [JavaFX Application Thread] DEBUG FXGLAssetLoaderServi - Loading from file system: jar:file:///home/oida/.m2/repository/com/github/almasb/fxgl/17.3/fxgl-17.3.jar!/fxglassets/textures/fxgl_default_cursor.png
08:11:53.497 [JavaFX Application Thread] DEBUG Input                - Registered new binding: Screenshot - CTRL+8
08:11:53.497 [JavaFX Application Thread] DEBUG Input                - Registered new binding: System info dump - CTRL+9
08:11:53.497 [JavaFX Application Thread] DEBUG Input                - Registered new binding: Restart - CTRL+R
08:11:53.498 [JavaFX Application Thread] DEBUG Input                - Registered new binding: Toggle Debug Camera - CTRL+7
08:11:53.499 [JavaFX Application Thread] DEBUG LoopRunner           - Starting loop
08:11:53.499 [JavaFX Application Thread] DEBUG LoopRunner           - Initializing JavaFX AnimationTimerLoop
08:11:53.501 [JavaFX Application Thread] DEBUG Input                - Clearing active input actions
08:11:53.507 [JavaFX Application Thread] DEBUG GameApplicationServi - Removing overlay from FXGLStartupScene and adding to FXGLMainMenuDummyScene
08:11:53.507 [JavaFX Application Thread] DEBUG PrimaryStageWindow   - FXGLStartupScene -> FXGLMainMenuDummyScene
08:11:53.507 [JavaFX Application Thread] DEBUG PrimaryStageWindow   - Push state: FXGLDefaultMenu
08:11:53.510 [JavaFX Application Thread] DEBUG Input                - Clearing active input actions
08:11:53.515 [JavaFX Application Thread] DEBUG GameApplicationServi - Removing overlay from FXGLMainMenuDummyScene and adding to FXGLDefaultMenu
08:11:53.515 [JavaFX Application Thread] DEBUG PrimaryStageWindow   - FXGLMainMenuDummyScene -> FXGLDefaultMenu
08:11:53.516 [JavaFX Application Thread] DEBUG FXGLApplication      - Registering font factories with UI factory
08:11:53.768 [FXGL Background Thread 2 ] INFO  UpdaterService       - Your current version:  17.3
08:11:53.768 [FXGL Background Thread 2 ] INFO  UpdaterService       - Latest stable version: 25
08:11:54.290 [JavaFX Application Thread] DEBUG Menu                 - fireNewGame()
08:11:54.290 [JavaFX Application Thread] DEBUG GameApplicationServi - Starting new game
08:11:54.294 [JavaFX Application Thread] DEBUG PrimaryStageWindow   - Pop state: FXGLDefaultMenu
08:11:54.294 [JavaFX Application Thread] DEBUG Input                - Clearing active input actions
08:11:54.294 [JavaFX Application Thread] DEBUG GameApplicationServi - Removing overlay from FXGLDefaultMenu and adding to FXGLMainMenuDummyScene
08:11:54.294 [JavaFX Application Thread] DEBUG PrimaryStageWindow   - FXGLMainMenuDummyScene <- FXGLDefaultMenu
08:11:54.294 [JavaFX Application Thread] DEBUG Input                - Clearing active input actions
08:11:54.302 [JavaFX Application Thread] DEBUG GameApplicationServi - Removing overlay from FXGLMainMenuDummyScene and adding to FXGLLoadingScene
08:11:54.302 [JavaFX Application Thread] DEBUG PrimaryStageWindow   - FXGLMainMenuDummyScene -> FXGLLoadingScene
08:11:54.302 [JavaFX Application Thread] DEBUG GameApplicationServi - Clearing previous game
08:11:54.302 [JavaFX Application Thread] DEBUG GameScene            - Clearing game scene
08:11:54.302 [JavaFX Application Thread] DEBUG GameWorld            - Clearing game world
08:11:54.302 [JavaFX Application Thread] DEBUG PhysicsWorld         - Clearing physics world
08:11:54.303 [FXGL Background Thread 2 ] DEBUG FXGLApplication      - Initializing game
08:11:54.338 [FXGL Background Thread 2 ] DEBUG LoopRunner           - Stopping loop
08:11:54.339 [FXGL Background Thread 2 ] FATAL FXGLApplication      - Uncaught Exception:
java.lang.IllegalStateException: This operation is permitted on the event thread only; currentThread = FXGL Background Thread 2
	at javafx.graphics@21.0.6/com.sun.glass.ui.Application.checkEventThread(Application.java:447)
	at javafx.graphics@21.0.6/com.sun.glass.ui.Window.setIcon(Window.java:1057)
	at javafx.graphics@21.0.6/com.sun.javafx.tk.quantum.WindowStage.setIcons(WindowStage.java:450)
	at javafx.graphics@21.0.6/javafx.stage.Stage$3.onChanged(Stage.java:695)
	at javafx.base@21.0.6/com.sun.javafx.collections.TrackableObservableList.lambda$new$0(TrackableObservableList.java:44)
	at javafx.base@21.0.6/com.sun.javafx.collections.ListListenerHelper$Generic.fireValueChangedEvent(ListListenerHelper.java:327)
	at javafx.base@21.0.6/com.sun.javafx.collections.ListListenerHelper.fireValueChangedEvent(ListListenerHelper.java:71)
	at javafx.base@21.0.6/javafx.collections.ObservableListBase.fireChange(ObservableListBase.java:246)
	at javafx.base@21.0.6/javafx.collections.ListChangeBuilder.commit(ListChangeBuilder.java:482)
	at javafx.base@21.0.6/javafx.collections.ListChangeBuilder.endChange(ListChangeBuilder.java:541)
	at javafx.base@21.0.6/javafx.collections.ObservableListBase.endChange(ObservableListBase.java:210)
	at javafx.base@21.0.6/com.sun.javafx.collections.ObservableListWrapper.clear(ObservableListWrapper.java:157)
	at javafx.base@21.0.6/com.sun.javafx.collections.VetoableListDecorator.clear(VetoableListDecorator.java:305)
	at at.htl.billard@1.0-SNAPSHOT/at.htl.billard.BillardApp.initUI(BillardApp.java:34)
	at com.almasb.fxgl.all@17.3/com.almasb.fxgl.app.FXGLApplication$InitAppTask.call(FXGLApplication.kt:321)
	at com.almasb.fxgl.all@17.3/com.almasb.fxgl.app.FXGLApplication$InitAppTask.call(FXGLApplication.kt:311)
	at javafx.graphics@21.0.6/javafx.concurrent.Task$TaskCallable.call(Task.java:1399)
	at java.base/java.util.concurrent.FutureTask.run(FutureTask.java:328)
	at java.base/java.util.concurrent.Executors$RunnableAdapter.call(Executors.java:545)
	at java.base/java.util.concurrent.FutureTask.run(FutureTask.java:328)
	at java.base/java.util.concurrent.ThreadPoolExecutor.runWorker(ThreadPoolExecutor.java:1090)
	at java.base/java.util.concurrent.ThreadPoolExecutor$Worker.run(ThreadPoolExecutor.java:614)
	at java.base/java.lang.Thread.run(Thread.java:1474)

08:11:54.339 [FXGL Background Thread 2 ] FATAL FXGLApplication      - Application will now exit
08:11:54.347 [FXGL Background Thread 2 ] DEBUG PrimaryStageWindow   - Push state: ErrorSubScene
08:11:54.347 [FXGL Background Thread 2 ] DEBUG Input                - Clearing active input actions
08:11:56.427 [FXGL Background Thread 3 ] DEBUG Engine               - Logging environment variables
08:11:56.428 [FXGL Background Thread 3 ] DEBUG Engine               - achievements: []
08:11:56.428 [FXGL Background Thread 3 ] DEBUG Engine               - actualHeight: 565.0
08:11:56.428 [FXGL Background Thread 3 ] DEBUG Engine               - actualHeightProperty: ReadOnlyDoubleProperty [value: 565.0]
08:11:56.428 [FXGL Background Thread 3 ] DEBUG Engine               - actualWidth: 800.0
08:11:56.428 [FXGL Background Thread 3 ] DEBUG Engine               - actualWidthProperty: ReadOnlyDoubleProperty [value: 800.0]
08:11:56.429 [FXGL Background Thread 3 ] DEBUG Engine               - appIcon: fxgl_icon.png
08:11:56.429 [FXGL Background Thread 3 ] DEBUG Engine               - applicationMode: DEVELOPER
08:11:56.429 [FXGL Background Thread 3 ] DEBUG Engine               - cSSList: [fxgl_dark.css]
08:11:56.429 [FXGL Background Thread 3 ] DEBUG Engine               - collisionDetectionStrategy: BRUTE_FORCE
08:11:56.429 [FXGL Background Thread 3 ] DEBUG Engine               - configClass: Optional.empty
08:11:56.429 [FXGL Background Thread 3 ] DEBUG Engine               - credits: []
08:11:56.430 [FXGL Background Thread 3 ] DEBUG Engine               - defaultCursor: CursorInfo(imageName=fxgl_default_cursor.png, hotspotX=7.0, hotspotY=6.0)
08:11:56.431 [FXGL Background Thread 3 ] DEBUG Engine               - devBBoxColorProperty: ObjectProperty [value: 0xff0000ff]
08:11:56.431 [FXGL Background Thread 3 ] DEBUG Engine               - devEnableDebugCameraProperty: BooleanProperty [value: false]
08:11:56.431 [FXGL Background Thread 3 ] DEBUG Engine               - devSensorColorProperty: ObjectProperty [value: 0xffff00ff]
08:11:56.431 [FXGL Background Thread 3 ] DEBUG Engine               - devShowBBoxProperty: BooleanProperty [value: false]
08:11:56.431 [FXGL Background Thread 3 ] DEBUG Engine               - devShowPositionProperty: BooleanProperty [value: false]
08:11:56.431 [FXGL Background Thread 3 ] DEBUG Engine               - enabledMenuItems: []
08:11:56.432 [FXGL Background Thread 3 ] DEBUG Engine               - engineServices: [class com.almasb.fxgl.app.services.FXGLAssetLoaderService, class com.almasb.fxgl.app.FXGLApplication$GameApplicationService, class com.almasb.fxgl.app.services.FXGLDialogService, class com.almasb.fxgl.app.services.IOTaskExecutorService, class com.almasb.fxgl.io.FileSystemService, class com.almasb.fxgl.localization.LocalizationService, class com.almasb.fxgl.app.services.SystemBundleService, class com.almasb.fxgl.profile.SaveLoadService, class com.almasb.fxgl.ui.FXGLUIFactoryServiceProvider, class com.almasb.fxgl.ui.FXGLDialogFactoryServiceProvider, class com.almasb.fxgl.audio.AudioPlayer, class com.almasb.fxgl.notification.impl.NotificationServiceProvider, class com.almasb.fxgl.achievement.AchievementService, class com.almasb.fxgl.cutscene.CutsceneService, class com.almasb.fxgl.minigames.MiniGameService, class com.almasb.fxgl.net.NetService, class com.almasb.fxgl.app.services.UpdaterService, class com.almasb.fxgl.dev.DevService]
08:11:56.432 [FXGL Background Thread 3 ] DEBUG Engine               - fontGame: Abel-Regular.ttf
08:11:56.432 [FXGL Background Thread 3 ] DEBUG Engine               - fontMono: TerminalLandMono-Regular.otf
08:11:56.432 [FXGL Background Thread 3 ] DEBUG Engine               - fontSizeScaleUI: 1.0
08:11:56.432 [FXGL Background Thread 3 ] DEBUG Engine               - fontText: Courier-Prime.ttf
08:11:56.432 [FXGL Background Thread 3 ] DEBUG Engine               - fontUI: VarelaRound-Regular.ttf
08:11:56.432 [FXGL Background Thread 3 ] DEBUG Engine               - fullScreen: BooleanProperty [value: false]
08:11:56.433 [FXGL Background Thread 3 ] DEBUG Engine               - gameDifficulty: MEDIUM
08:11:56.433 [FXGL Background Thread 3 ] DEBUG Engine               - gameDifficultyProperty: ObjectProperty [value: MEDIUM]
08:11:56.433 [FXGL Background Thread 3 ] DEBUG Engine               - globalMusicVolume: 0.5
08:11:56.433 [FXGL Background Thread 3 ] DEBUG Engine               - globalMusicVolumeProperty: DoubleProperty [value: 0.5]
08:11:56.433 [FXGL Background Thread 3 ] DEBUG Engine               - globalSoundVolume: 0.5
08:11:56.433 [FXGL Background Thread 3 ] DEBUG Engine               - globalSoundVolumeProperty: DoubleProperty [value: 0.5]
08:11:56.434 [FXGL Background Thread 3 ] DEBUG Engine               - height: 600
08:11:56.434 [FXGL Background Thread 3 ] DEBUG Engine               - is3D: false
08:11:56.434 [FXGL Background Thread 3 ] DEBUG Engine               - isAndroid: false
08:11:56.434 [FXGL Background Thread 3 ] DEBUG Engine               - isBrowser: false
08:11:56.434 [FXGL Background Thread 3 ] DEBUG Engine               - isClickFeedbackEnabled: false
08:11:56.434 [FXGL Background Thread 3 ] DEBUG Engine               - isCloseConfirmation: false
08:11:56.434 [FXGL Background Thread 3 ] DEBUG Engine               - isDesktop: true
08:11:56.434 [FXGL Background Thread 3 ] DEBUG Engine               - isDeveloperMenuEnabled: false
08:11:56.434 [FXGL Background Thread 3 ] DEBUG Engine               - isEmbedded: false
08:11:56.434 [FXGL Background Thread 3 ] DEBUG Engine               - isEntityPreloadEnabled: true
08:11:56.434 [FXGL Background Thread 3 ] DEBUG Engine               - isExperimentalTiledLargeMap: false
08:11:56.434 [FXGL Background Thread 3 ] DEBUG Engine               - isFileSystemWriteAllowed: true
08:11:56.435 [FXGL Background Thread 3 ] DEBUG Engine               - isFullScreenAllowed: false
08:11:56.435 [FXGL Background Thread 3 ] DEBUG Engine               - isFullScreenFromStart: false
08:11:56.435 [FXGL Background Thread 3 ] DEBUG Engine               - isGameMenuEnabled: true
08:11:56.435 [FXGL Background Thread 3 ] DEBUG Engine               - isIOS: false
08:11:56.435 [FXGL Background Thread 3 ] DEBUG Engine               - isIntroEnabled: false
08:11:56.435 [FXGL Background Thread 3 ] DEBUG Engine               - isLinux: true
08:11:56.435 [FXGL Background Thread 3 ] DEBUG Engine               - isMac: false
08:11:56.435 [FXGL Background Thread 3 ] DEBUG Engine               - isMainMenuEnabled: true
08:11:56.435 [FXGL Background Thread 3 ] DEBUG Engine               - isManualResizeEnabled: false
08:11:56.435 [FXGL Background Thread 3 ] DEBUG Engine               - isMobile: false
08:11:56.435 [FXGL Background Thread 3 ] DEBUG Engine               - isNative: false
08:11:56.435 [FXGL Background Thread 3 ] DEBUG Engine               - isPauseMusicWhenMinimized: true
08:11:56.435 [FXGL Background Thread 3 ] DEBUG Engine               - isPreserveResizeRatio: false
08:11:56.435 [FXGL Background Thread 3 ] DEBUG Engine               - isProfilingEnabled: false
08:11:56.435 [FXGL Background Thread 3 ] DEBUG Engine               - isScaleAffectedOnResize: true
08:11:56.435 [FXGL Background Thread 3 ] DEBUG Engine               - isSingleStep: false
08:11:56.435 [FXGL Background Thread 3 ] DEBUG Engine               - isUserProfileEnabled: false
08:11:56.436 [FXGL Background Thread 3 ] DEBUG Engine               - isWindows: false
08:11:56.436 [FXGL Background Thread 3 ] DEBUG Engine               - language: ObjectProperty [value: ENGLISH]
08:11:56.436 [FXGL Background Thread 3 ] DEBUG Engine               - menuKey: ESCAPE
08:11:56.436 [FXGL Background Thread 3 ] DEBUG Engine               - mouseSensitivity: 0.2
08:11:56.436 [FXGL Background Thread 3 ] DEBUG Engine               - notificationViewClass: class com.almasb.fxgl.notification.view.XboxNotificationView
08:11:56.436 [FXGL Background Thread 3 ] DEBUG Engine               - pixelsPerMeter: 50.0
08:11:56.436 [FXGL Background Thread 3 ] DEBUG Engine               - platform: LINUX
08:11:56.436 [FXGL Background Thread 3 ] DEBUG Engine               - prefHeightProperty: ReadOnlyDoubleProperty [value: 600.0]
08:11:56.436 [FXGL Background Thread 3 ] DEBUG Engine               - prefWidthProperty: ReadOnlyDoubleProperty [value: 800.0]
08:11:56.436 [FXGL Background Thread 3 ] DEBUG Engine               - profileDir: profiles/
08:11:56.436 [FXGL Background Thread 3 ] DEBUG Engine               - profileName: StringProperty [value: DEFAULT]
08:11:56.436 [FXGL Background Thread 3 ] DEBUG Engine               - randomSeed: -1
08:11:56.436 [FXGL Background Thread 3 ] DEBUG Engine               - runtimeInfo: RuntimeInfo(platform=LINUX, version=17.3, build=30.03.2023 11.49)
08:11:56.437 [FXGL Background Thread 3 ] DEBUG Engine               - saveFileExt: sav
08:11:56.437 [FXGL Background Thread 3 ] DEBUG Engine               - scaledHeightProp$fxgl: DoubleProperty [bound, value: 565.0]
08:11:56.437 [FXGL Background Thread 3 ] DEBUG Engine               - scaledWidthProp$fxgl: DoubleProperty [bound, value: 800.0]
08:11:56.437 [FXGL Background Thread 3 ] DEBUG Engine               - sceneFactory: com.almasb.fxgl.app.scene.SceneFactory@57ac9313
08:11:56.437 [FXGL Background Thread 3 ] DEBUG Engine               - secondsIn24h: 60
08:11:56.437 [FXGL Background Thread 3 ] DEBUG Engine               - soundMenuBack: menu/back.wav
08:11:56.437 [FXGL Background Thread 3 ] DEBUG Engine               - soundMenuPress: menu/press.wav
08:11:56.437 [FXGL Background Thread 3 ] DEBUG Engine               - soundMenuSelect: menu/select.wav
08:11:56.437 [FXGL Background Thread 3 ] DEBUG Engine               - soundNotification: core/notification.wav
08:11:56.437 [FXGL Background Thread 3 ] DEBUG Engine               - stageStyle: DECORATED
08:11:56.437 [FXGL Background Thread 3 ] DEBUG Engine               - supportedLanguages: [ENGLISH, FRENCH, GERMAN, HUNGARIAN, RUSSIAN]
08:11:56.437 [FXGL Background Thread 3 ] DEBUG Engine               - ticksPerSecond: -1
08:11:56.437 [FXGL Background Thread 3 ] DEBUG Engine               - title: Billard Simulator
08:11:56.437 [FXGL Background Thread 3 ] DEBUG Engine               - urlGithub: https://github.com/AlmasB/FXGL
08:11:56.438 [FXGL Background Thread 3 ] DEBUG Engine               - urlLeaderboard: http://fxgl-top.herokuapp.com/
08:11:56.438 [FXGL Background Thread 3 ] DEBUG Engine               - urlPOM: https://raw.githubusercontent.com/AlmasB/FXGL/release/README.md
08:11:56.438 [FXGL Background Thread 3 ] DEBUG Engine               - userAppClass: class at.htl.billard.BillardApp
08:11:56.438 [FXGL Background Thread 3 ] DEBUG Engine               - version: 0.0
08:11:56.438 [FXGL Background Thread 3 ] DEBUG Engine               - versionCheckDays: 7
08:11:56.438 [FXGL Background Thread 3 ] DEBUG Engine               - width: 800
08:11:56.438 [FXGL Background Thread 3 ] DEBUG Engine               - Logging services
08:11:56.438 [FXGL Background Thread 3 ] DEBUG Engine               - class com.almasb.fxgl.app.services.FXGLAssetLoaderService
08:11:56.438 [FXGL Background Thread 3 ] DEBUG Engine               - class com.almasb.fxgl.app.FXGLApplication$GameApplicationService
08:11:56.438 [FXGL Background Thread 3 ] DEBUG Engine               - class com.almasb.fxgl.app.services.FXGLDialogService
08:11:56.438 [FXGL Background Thread 3 ] DEBUG Engine               - class com.almasb.fxgl.app.services.IOTaskExecutorService
08:11:56.438 [FXGL Background Thread 3 ] DEBUG Engine               - class com.almasb.fxgl.io.FileSystemService
08:11:56.438 [FXGL Background Thread 3 ] DEBUG Engine               - class com.almasb.fxgl.localization.LocalizationService
08:11:56.438 [FXGL Background Thread 3 ] DEBUG Engine               - class com.almasb.fxgl.app.services.SystemBundleService
08:11:56.438 [FXGL Background Thread 3 ] DEBUG Engine               - class com.almasb.fxgl.profile.SaveLoadService
08:11:56.438 [FXGL Background Thread 3 ] DEBUG Engine               - class com.almasb.fxgl.ui.FXGLUIFactoryServiceProvider
08:11:56.438 [FXGL Background Thread 3 ] DEBUG Engine               - class com.almasb.fxgl.ui.FXGLDialogFactoryServiceProvider
08:11:56.438 [FXGL Background Thread 3 ] DEBUG Engine               - class com.almasb.fxgl.audio.AudioPlayer
08:11:56.438 [FXGL Background Thread 3 ] DEBUG Engine               - class com.almasb.fxgl.notification.impl.NotificationServiceProvider
08:11:56.438 [FXGL Background Thread 3 ] DEBUG Engine               - class com.almasb.fxgl.achievement.AchievementService
08:11:56.439 [FXGL Background Thread 3 ] DEBUG Engine               - class com.almasb.fxgl.cutscene.CutsceneService
08:11:56.439 [FXGL Background Thread 3 ] DEBUG Engine               - class com.almasb.fxgl.minigames.MiniGameService
08:11:56.439 [FXGL Background Thread 3 ] DEBUG Engine               - class com.almasb.fxgl.net.NetService
08:11:56.439 [FXGL Background Thread 3 ] DEBUG Engine               - class com.almasb.fxgl.app.services.UpdaterService
08:11:56.439 [FXGL Background Thread 3 ] DEBUG Engine               - class com.almasb.fxgl.dev.DevService
08:11:56.700 [JavaFX Application Thread] DEBUG FXGLApplication      - Exiting FXGL
08:11:56.700 [JavaFX Application Thread] DEBUG Async                - Shutting down background threads
08:11:56.700 [JavaFX Application Thread] DEBUG PrimaryStageWindow   - Closing main window
08:11:56.703 [JavaFX Application Thread] DEBUG Logger               - Closing Logger
